{
    "seed": 4151032124030248282,
    "samples": [
        {
            "age": 10,
            "name": "\\ò£ªªw\u0010vyôƒ›–z~ò®‡½aE"
        },
        {
            "age": -25,
            "name": "ó³©–a^Cðµ¤µj\u0011ñ²¥…:5`6"
        },
        {
            "age": -2,
            "name": "1E\u001fv6p"
        },
        {
            "age": -18,
            "name": "ò©¨µó¾’š?\u00171tHpð·†Œ\u0006&ð•µ­"
        },
        {
            "age": -5,
            "name": "ó²·–o.5\u0017F"
        }
    ]
}